// Jest Snapshot v1, https://goo.gl/fbAQLP

exports[`<Button /> should render the button 1`] = `
.c0 {
  padding: 0.8rem 1.6rem;
  background: transparent;
  outline: none;
  border: none;
  cursor: pointer;
  border: 0.1rem solid var(--border-color);
  border-radius: 0.4rem;
  -webkit-transition: border 0.2s;
  transition: border 0.2s;
}

.c0:hover {
  border: 0.1rem solid var(--border-hover-color);
}

.c1 > svg {
  color: var(--text-color);
}

<button
  class="c0"
>
  <div
    class="c1"
  />
  Button label
</button>
`;
