// Jest Snapshot v1, https://goo.gl/fbAQLP

exports[`<Menu /> should render the menu 1`] = `
.c1 {
  width: 100%;
  max-width: 130rem;
  margin-left: auto;
  margin-right: auto;
  padding-left: calc(3.2rem / 2);
  padding-right: calc(3.2rem / 2);
}

.c3 {
  font-size: 1.8rem;
}

.c0 {
  display: -webkit-box;
  display: -webkit-flex;
  display: -ms-flexbox;
  display: flex;
  -webkit-align-items: center;
  -webkit-box-align: center;
  -ms-flex-align: center;
  align-items: center;
  width: 100%;
  height: 7.2rem;
}

.c2 {
  display: -webkit-box;
  display: -webkit-flex;
  display: -ms-flexbox;
  display: flex;
  -webkit-box-pack: justify;
  -webkit-justify-content: space-between;
  -ms-flex-pack: justify;
  justify-content: space-between;
}

<header
  class="c0"
>
  <div
    class="c1"
  >
    <div
      class="c2"
    >
      <h2
        class="c3"
      >
        ch.
      </h2>
    </div>
  </div>
</header>
`;
